[dotenv@17.2.3] injecting env (47) from .env -- tip: ≡ƒöä add secrets lifecycle management: https://dotenvx.com/ops
npx : WARNING: GOOGLE_API_KEY is not 
set in .env
At line:1 char:1
+ npx ts-node 
langchain_agent/test_filters.ts > 
test_output.txt 2>&1
+ ~~~~~~~~~~~~~~~~~~~~~~~~~~~~~~~~~~~~~~
~~~~~~~~~~~~~~~~~~~~~~~~~~~~
    + CategoryInfo          : NotSpecif 
   ied: (WARNING: GOOGLE...not set in   
  .env:String) [], RemoteException
    + FullyQualifiedErrorId : NativeCom 
   mandError
 
C:\xampp4\htdocs\multistore\langchain_ag
ent\node_modules\@langchain\google-genai
\src\chat_models.ts:691
      throw new Error(
            ^
Error: Please set an API key for Google 
GenerativeAI in the environment 
variable GOOGLE_API_KEY or in the 
`apiKey` field of the 
ChatGoogleGenerativeAI constructor
    at new ChatGoogleGenerativeAI (C:\xa
mpp4\htdocs\multistore\langchain_agent\n
ode_modules\@langchain\google-genai\src\
chat_models.ts:691:13)
    at Object.<anonymous> (C:\xampp4\htd
ocs\multistore\langchain_agent\src\confi
g\llm.ts:10:22)
    at Module._compile (node:internal/mo
dules/cjs/loader:1469:14)
    at Module.m._compile (C:\Users\Admin
\AppData\Local\npm-cache\_npx\1bf7c3c15b
f47d04\node_modules\ts-node\src\index.ts
:1618:23)
    at Module._extensions..js (node:inte
rnal/modules/cjs/loader:1548:10)
    at 
Object.require.extensions.<computed> 
[as .ts] (C:\Users\Admin\AppData\Local\n
pm-cache\_npx\1bf7c3c15bf47d04\node_modu
les\ts-node\src\index.ts:1621:12)
    at Module.load (node:internal/module
s/cjs/loader:1288:32)
    at Function.Module._load (node:inter
nal/modules/cjs/loader:1104:12)
    at Module.require (node:internal/mod
ules/cjs/loader:1311:19)
    at require 
(node:internal/modules/helpers:179:18)
